<?xml version="1.0" encoding="UTF-8" standalone="no"?>
<!DOCTYPE log SYSTEM "logger.dtd">
<log>
<record>
  <date>2026-09-25T11:10:32.055-0300</date>
  <logger>ARTHUR EVANGELISTA LEITE</logger>
  <level>FINE</level>
  <message>File 20250017110-ARTHUR EVANGELISTA LEITE.zip was received. It was sent by ARTHUR EVANGELISTA LEITE from IP 150.165.74.104 at 25-09-2026 11*10*32</message>
</record>
</log>
<?xml version="1.0" encoding="UTF-8" standalone="no"?>
<!DOCTYPE log SYSTEM "logger.dtd">
<log>
<record>
  <date>2026-09-25T11:19:59.136-0300</date>
  <logger>ARTHUR EVANGELISTA LEITE</logger>
  <level>FINE</level>
  <message>File 20250017110-ARTHUR EVANGELISTA LEITE.zip was received. It was sent by ARTHUR EVANGELISTA LEITE from IP 150.165.74.104 at 25-09-2026 11*19*59</message>
</record>
</log>
<?xml version="1.0" encoding="UTF-8" standalone="no"?>
<!DOCTYPE log SYSTEM "logger.dtd">
<log>
<record>
  <date>2026-09-29T15:35:15.949-0300</date>
  <logger>ARTHUR EVANGELISTA LEITE</logger>
  <level>FINE</level>
  <message>File 20250017110-ARTHUR EVANGELISTA LEITE.zip was received. It was sent by ARTHUR EVANGELISTA LEITE from IP 150.165.74.111 at 29-09-2026 15*35*15</message>
</record>
</log>
<?xml version="1.0" encoding="UTF-8" standalone="no"?>
<!DOCTYPE log SYSTEM "logger.dtd">
<log>
<record>
  <date>2026-09-29T15:48:05.379-0300</date>
  <logger>ARTHUR EVANGELISTA LEITE</logger>
  <level>FINE</level>
  <message>File 20250017110-ARTHUR EVANGELISTA LEITE.zip was received. It was sent by ARTHUR EVANGELISTA LEITE from IP 150.165.74.111 at 29-09-2026 15*48*05</message>
</record>
</log>
<?xml version="1.0" encoding="UTF-8" standalone="no"?>
<!DOCTYPE log SYSTEM "logger.dtd">
<log>
<record>
  <date>2026-09-29T15:48:51.757-0300</date>
  <logger>ARTHUR EVANGELISTA LEITE</logger>
  <level>FINE</level>
  <message>File 20250017110-ARTHUR EVANGELISTA LEITE.zip was received. It was sent by ARTHUR EVANGELISTA LEITE from IP 150.165.74.111 at 29-09-2026 15*48*51</message>
</record>
</log>
<?xml version="1.0" encoding="UTF-8" standalone="no"?>
<!DOCTYPE log SYSTEM "logger.dtd">
<log>
<record>
  <date>2026-09-30T09:17:08.605-0300</date>
  <logger>ARTHUR EVANGELISTA LEITE</logger>
  <level>FINE</level>
  <message>File 20250017110-ARTHUR EVANGELISTA LEITE.zip was received. It was sent by ARTHUR EVANGELISTA LEITE from IP 150.165.74.132 at 30-09-2026 09*17*08</message>
</record>
</log>
<?xml version="1.0" encoding="UTF-8" standalone="no"?>
<!DOCTYPE log SYSTEM "logger.dtd">
<log>
<record>
  <date>2026-09-30T10:04:42.811-0300</date>
  <logger>ARTHUR EVANGELISTA LEITE</logger>
  <level>FINE</level>
  <message>File 20250017110-ARTHUR EVANGELISTA LEITE.zip was received. It was sent by ARTHUR EVANGELISTA LEITE from IP 150.165.74.49 at 30-09-2026 10*04*42</message>
</record>
</log>
<?xml version="1.0" encoding="UTF-8" standalone="no"?>
<!DOCTYPE log SYSTEM "logger.dtd">
<log>
<record>
  <date>2026-09-30T10:33:13.567-0300</date>
  <logger>ARTHUR EVANGELISTA LEITE</logger>
  <level>FINE</level>
  <message>File 20250017110-ARTHUR EVANGELISTA LEITE.zip was received. It was sent by ARTHUR EVANGELISTA LEITE from IP 150.165.74.49 at 30-09-2026 10*33*13</message>
</record>
</log>
<?xml version="1.0" encoding="UTF-8" standalone="no"?>
<!DOCTYPE log SYSTEM "logger.dtd">
<log>
<record>
  <date>2026-09-30T11:00:06.897-0300</date>
  <logger>ARTHUR EVANGELISTA LEITE</logger>
  <level>FINE</level>
  <message>File 20250017110-ARTHUR EVANGELISTA LEITE.zip was received. It was sent by ARTHUR EVANGELISTA LEITE from IP 150.165.74.49 at 30-09-2026 11*00*06</message>
</record>
</log>
<?xml version="1.0" encoding="UTF-8" standalone="no"?>
<!DOCTYPE log SYSTEM "logger.dtd">
<log>
<record>
  <date>2026-09-30T11:07:32.279-0300</date>
  <logger>ARTHUR EVANGELISTA LEITE</logger>
  <level>FINE</level>
  <message>File 20250017110-ARTHUR EVANGELISTA LEITE.zip was received. It was sent by ARTHUR EVANGELISTA LEITE from IP 150.165.74.49 at 30-09-2026 11*07*32</message>
</record>
</log>
<?xml version="1.0" encoding="UTF-8" standalone="no"?>
<!DOCTYPE log SYSTEM "logger.dtd">
<log>
<record>
  <date>2026-09-30T11:10:29.485-0300</date>
  <logger>ARTHUR EVANGELISTA LEITE</logger>
  <level>FINE</level>
  <message>File 20250017110-ARTHUR EVANGELISTA LEITE.zip was received. It was sent by ARTHUR EVANGELISTA LEITE from IP 150.165.74.49 at 30-09-2026 11*10*29</message>
</record>
</log>
<?xml version="1.0" encoding="UTF-8" standalone="no"?>
<!DOCTYPE log SYSTEM "logger.dtd">
<log>
<record>
  <date>2026-09-30T11:15:30.885-0300</date>
  <logger>ARTHUR EVANGELISTA LEITE</logger>
  <level>FINE</level>
  <message>File 20250017110-ARTHUR EVANGELISTA LEITE.zip was received. It was sent by ARTHUR EVANGELISTA LEITE from IP 150.165.74.49 at 30-09-2026 11*15*30</message>
</record>
</log>
<?xml version="1.0" encoding="UTF-8" standalone="no"?>
<!DOCTYPE log SYSTEM "logger.dtd">
<log>
<record>
  <date>2026-09-30T11:17:00.525-0300</date>
  <logger>ARTHUR EVANGELISTA LEITE</logger>
  <level>FINE</level>
  <message>File 20250017110-ARTHUR EVANGELISTA LEITE.zip was received. It was sent by ARTHUR EVANGELISTA LEITE from IP 150.165.74.49 at 30-09-2026 11*17*00</message>
</record>
</log>
<?xml version="1.0" encoding="UTF-8" standalone="no"?>
<!DOCTYPE log SYSTEM "logger.dtd">
<log>
<record>
  <date>2026-09-30T11:21:54.449-0300</date>
  <logger>ARTHUR EVANGELISTA LEITE</logger>
  <level>FINE</level>
  <message>File 20250017110-ARTHUR EVANGELISTA LEITE.zip was received. It was sent by ARTHUR EVANGELISTA LEITE from IP 150.165.74.49 at 30-09-2026 11*21*54</message>
</record>
</log>
<?xml version="1.0" encoding="UTF-8" standalone="no"?>
<!DOCTYPE log SYSTEM "logger.dtd">
<log>
<record>
  <date>2026-09-30T11:26:01.026-0300</date>
  <logger>ARTHUR EVANGELISTA LEITE</logger>
  <level>FINE</level>
  <message>File 20250017110-ARTHUR EVANGELISTA LEITE.zip was received. It was sent by ARTHUR EVANGELISTA LEITE from IP 150.165.74.49 at 30-09-2026 11*26*01</message>
</record>
</log>
<?xml version="1.0" encoding="UTF-8" standalone="no"?>
<!DOCTYPE log SYSTEM "logger.dtd">
<log>
<record>
  <date>2026-09-30T11:31:16.946-0300</date>
  <logger>ARTHUR EVANGELISTA LEITE</logger>
  <level>FINE</level>
  <message>File 20250017110-ARTHUR EVANGELISTA LEITE.zip was received. It was sent by ARTHUR EVANGELISTA LEITE from IP 150.165.74.49 at 30-09-2026 11*31*16</message>
</record>
</log>
<?xml version="1.0" encoding="UTF-8" standalone="no"?>
<!DOCTYPE log SYSTEM "logger.dtd">
<log>
<record>
  <date>2026-09-30T11:34:48.233-0300</date>
  <logger>ARTHUR EVANGELISTA LEITE</logger>
  <level>FINE</level>
  <message>File 20250017110-ARTHUR EVANGELISTA LEITE.zip was received. It was sent by ARTHUR EVANGELISTA LEITE from IP 150.165.74.49 at 30-09-2026 11*34*48</message>
</record>
