<?xml version="1.0" encoding="UTF-8" standalone="no"?>
<!DOCTYPE log SYSTEM "logger.dtd">
<log>
<record>
  <date>2026-09-30T15:18:38.569-0300</date>
  <logger>ARTHUR EVANGELISTA LEITE</logger>
  <level>FINE</level>
  <message>File 20250017110-ARTHUR EVANGELISTA LEITE.zip was received. It was sent by ARTHUR EVANGELISTA LEITE from IP 150.165.74.67 at 30-09-2026 15*18*38</message>
</record>
</log>
<?xml version="1.0" encoding="UTF-8" standalone="no"?>
<!DOCTYPE log SYSTEM "logger.dtd">
<log>
<record>
  <date>2026-10-01T10:27:28.622-0300</date>
  <logger>ARTHUR EVANGELISTA LEITE</logger>
  <level>FINE</level>
  <message>File 20250017110-ARTHUR EVANGELISTA LEITE.zip was received. It was sent by ARTHUR EVANGELISTA LEITE from IP 150.165.74.38 at 01-10-2026 10*27*28</message>
</record>
</log>
<?xml version="1.0" encoding="UTF-8" standalone="no"?>
<!DOCTYPE log SYSTEM "logger.dtd">
<log>
<record>
  <date>2026-10-01T10:28:34.780-0300</date>
  <logger>ARTHUR EVANGELISTA LEITE</logger>
  <level>FINE</level>
  <message>File 20250017110-ARTHUR EVANGELISTA LEITE.zip was received. It was sent by ARTHUR EVANGELISTA LEITE from IP 150.165.74.38 at 01-10-2026 10*28*34</message>
</record>
</log>
<?xml version="1.0" encoding="UTF-8" standalone="no"?>
<!DOCTYPE log SYSTEM "logger.dtd">
<log>
<record>
  <date>2026-10-01T10:41:19.191-0300</date>
  <logger>ARTHUR EVANGELISTA LEITE</logger>
  <level>FINE</level>
  <message>File 20250017110-ARTHUR EVANGELISTA LEITE.zip was received. It was sent by ARTHUR EVANGELISTA LEITE from IP 150.165.74.38 at 01-10-2026 10*41*19</message>
</record>
</log>
<?xml version="1.0" encoding="UTF-8" standalone="no"?>
<!DOCTYPE log SYSTEM "logger.dtd">
<log>
<record>
  <date>2026-10-01T11:10:55.268-0300</date>
  <logger>ARTHUR EVANGELISTA LEITE</logger>
  <level>FINE</level>
  <message>File 20250017110-ARTHUR EVANGELISTA LEITE.zip was received. It was sent by ARTHUR EVANGELISTA LEITE from IP 150.165.74.38 at 01-10-2026 11*10*55</message>
</record>
